================================================================================
DUAL STRATEGY RUNNER: SURGE + ANCHOR
================================================================================
Start: 2026-02-03T00:52:00.204725


================================================================================
RUNNING SURGE (Momentum)
================================================================================

================================================================================
RUNNING ANCHOR (Quality at Discount)
================================================================================

================================================================================
STRATEGY CORRELATION ANALYSIS
================================================================================

Overlap Analysis:
  SURGE top 20: 20 tickers
  ANCHOR top 20: 20 tickers
  Overlap: 0 stocks (0.0%)
  Status: GOOD

================================================================================
COMBINED PORTFOLIO (30 stocks)
================================================================================
Rank  Ticker   Strategy   Score    Alloc 
--------------------------------------------------
1     IDCC     SURGE      70.94    2.0   %
2     PCAR     SURGE      70.65    2.0   %
3     RCII     SURGE      69.61    2.0   %
4     ANGO     SURGE      69.10    2.0   %
5     FF       SURGE      68.94    2.0   %
6     VTL      SURGE      68.85    2.0   %
7     NCLH     SURGE      68.79    2.0   %
8     THRM     SURGE      68.54    2.0   %
9     MMC      SURGE      68.50    2.0   %
10    INFI     SURGE      68.31    2.0   %
11    RLI      SURGE      68.19    2.0   %
12    GOGO     SURGE      68.19    2.0   %
13    BYD      SURGE      68.11    2.0   %
14    CGI      SURGE      67.97    2.0   %
15    HDP      SURGE      67.93    2.0   %
16    RSPP     ANCHOR     55.48    2.0   %
17    DUK      ANCHOR     55.28    2.0   %
18    AMRC     ANCHOR     55.01    2.0   %
19    AIG      ANCHOR     54.57    2.0   %
20    IBKC     ANCHOR     54.47    2.0   %
21    SPPI     ANCHOR     54.16    2.0   %
22    O        ANCHOR     53.87    2.0   %
23    PIR      ANCHOR     53.84    2.0   %
24    FR       ANCHOR     53.73    2.0   %
25    SNC      ANCHOR     53.71    2.0   %
26    KFY      ANCHOR     53.60    2.0   %
27    AZZ      ANCHOR     53.33    2.0   %
28    STX      ANCHOR     53.22    2.0   %
29    WTBA     ANCHOR     53.22    2.0   %
30    IL       ANCHOR     53.04    2.0   %

✅ Dual strategy run complete.
   SURGE: 20 stocks
   ANCHOR: 20 stocks
   Overlap: 0.0% (GOOD)
   Combined: 30 stocks
